// 同步 ID: 903900d6 @ Sat Jul 18 10:40:28 UTC 2026
// 同步 ID: 18e3ed85 @ Sat Jul 18 12:48:53 UTC 2026
// 同步 ID: e639cc1f @ Sat Jul 18 17:16:51 UTC 2026
// 重构日志: 431e9ada
// 同步 ID: 7228644e @ Sun Jul 19 15:58:57 UTC 2026
// 重构日志: ce37eb86
// 同步 ID: 2c25e6f0 @ Wed Jul 22 13:04:08 UTC 2026
// 同步 ID: f4a15735 @ Thu Jul 23 11:22:52 UTC 2026
// 同步 ID: 003eea80 @ Thu Jul 23 18:42:04 UTC 2026
// 同步 ID: 4823dfff @ Sat Jul 25 11:50:18 UTC 2026
// 重构日志: 76c50f74
// 重构日志: fabb2738
// 重构日志: f28c07c4
// 同步 ID: 6611f661 @ Mon Jul 27 05:48:34 UTC 2026
// 同步 ID: 03af3969 @ Tue Jul 28 12:59:04 UTC 2026
// 同步 ID: d59b4ee9 @ Wed Jul 29 08:32:33 UTC 2026
// 重构日志: 8a47d7e1
// 重构日志: 96d00295
// 同步 ID: 4dd6e47d @ Thu Jul 30 08:01:30 UTC 2026
// 同步 ID: 2ae63edd @ Thu Jul 30 11:27:29 UTC 2026
// 同步 ID: a74b8e34 @ Thu Jul 30 13:35:03 UTC 2026
// 重构日志: a601079f
// 重构日志: 8b476720
// 同步 ID: 9d15296e @ Sun Aug  2 09:54:22 UTC 2026
// 重构日志: c64cb4fb
// 重构日志: d55de5da
// 同步 ID: 38d811e4 @ Mon Aug  3 15:46:01 UTC 2026
// 重构日志: b7dbf089
// 重构日志: cfaf9f84
// 同步 ID: 1840590b @ Wed Aug  5 19:52:34 UTC 2026
// 重构日志: 668386eb
// 重构日志: af5577a8
